<html>
<body>
<pre>
<h1>µVision Build Log</h1>
<h2>Project:</h2>
E:\projects\GPS Doc\GPS & GSM\New folder (2)\LPC2148 related Codes\GSM Modem Interface\gsm.uvproj
Project File Date:  04/30/2011

<h2>Output:</h2>
Build target 'Target 1'
linking...
Program Size: Code=4568 RO-data=32 RW-data=20 ZI-data=1260  
FromELF: creating hex file...
".\gsm.axf" - 0 Errors, 0 Warning(s).
Build target 'Target 1'
assembling Startup.s...
compiling clcd.c...
clcd.c(246): warning:  #186-D: pointless comparison of unsigned integer with zero
compiling uart.c...
compiling main.c...
linking...
Program Size: Code=4664 RO-data=32 RW-data=20 ZI-data=1260  
FromELF: creating hex file...
"C:\Users\SHUBHAM\Desktop\ES PROJECT\gsm.axf" - 0 Errors, 1 Warning(s).
"C:\Program Files (x86)\Flash Magic\FlashMagic.exe" "C:\Users\SHUBHAM\Desktop\ES PROJECT\gsm.HEX" 12000 LPC2148 COM1: 9600 1
Build target 'Target 1'
compiling uart.c...
compiling main.c...
linking...
Program Size: Code=4664 RO-data=32 RW-data=20 ZI-data=1260  
FromELF: creating hex file...
"C:\Users\SHUBHAM\Desktop\ES PROJECT\gsm.axf" - 0 Errors, 0 Warning(s).
"C:\Program Files (x86)\Flash Magic\FlashMagic.exe" "C:\Users\SHUBHAM\Desktop\ES PROJECT\gsm.HEX" 12000 LPC2148 COM1: 9600 1
