<html>
<body>
<pre>
<h1>µVision Build Log</h1>
<h2>Project:</h2>
C:\Users\SHUBHAM\Desktop\ES PROJECT\Working1\Working with msg sent bt nt rcvd\gsm.uvproj
Project File Date:  11/08/2013

<h2>Output:</h2>
Build target 'Target 1'
compiling main.c...
main.c(38): warning:  #1295-D: Deprecated declaration reset - give arg types
main.c(139): warning:  #940-D: missing return statement at end of non-void function "GsmSendMsg"
main.c(244): warning:  #167-D: argument of type "char *" is incompatible with parameter of type "unsigned char *"
main.c(308): warning:  #167-D: argument of type "unsigned char *" is incompatible with parameter of type "const char *"
main.c(309): warning:  #167-D: argument of type "unsigned char *" is incompatible with parameter of type "const char *"
main.c(313): warning:  #1-D: last line of file ends without a newline
linking...
Program Size: Code=6688 RO-data=60 RW-data=136 ZI-data=1840  
FromELF: creating hex file...
".\workingbtntrcv.axf" - 0 Errors, 6 Warning(s).
Build target 'Target 1'
compiling main.c...
main.c(38): warning:  #1295-D: Deprecated declaration reset - give arg types
main.c(139): warning:  #940-D: missing return statement at end of non-void function "GsmSendMsg"
main.c(244): warning:  #167-D: argument of type "char *" is incompatible with parameter of type "unsigned char *"
main.c(308): warning:  #167-D: argument of type "unsigned char *" is incompatible with parameter of type "const char *"
main.c(309): warning:  #167-D: argument of type "unsigned char *" is incompatible with parameter of type "const char *"
main.c(313): warning:  #1-D: last line of file ends without a newline
linking...
Program Size: Code=6688 RO-data=60 RW-data=136 ZI-data=1840  
FromELF: creating hex file...
".\workingbtntrcv.axf" - 0 Errors, 6 Warning(s).
"C:\Program Files (x86)\Flash Magic\FlashMagic.exe" "C:\Users\SHUBHAM\Desktop\ES PROJECT\Working1\Working with msg sent bt nt rcvd\workingbtntrcv.HEX" 12000 LPC2148 COM1: 9600 1
Build target 'Target 1'
assembling Startup.s...
compiling clcd.c...
clcd.c(246): warning:  #186-D: pointless comparison of unsigned integer with zero
compiling uart.c...
compiling main.c...
main.c(38): warning:  #1295-D: Deprecated declaration reset - give arg types
main.c(139): warning:  #940-D: missing return statement at end of non-void function "GsmSendMsg"
main.c(244): warning:  #167-D: argument of type "char *" is incompatible with parameter of type "unsigned char *"
main.c(308): warning:  #167-D: argument of type "unsigned char *" is incompatible with parameter of type "const char *"
main.c(309): warning:  #167-D: argument of type "unsigned char *" is incompatible with parameter of type "const char *"
main.c(313): warning:  #1-D: last line of file ends without a newline
linking...
Program Size: Code=6688 RO-data=60 RW-data=136 ZI-data=1840  
FromELF: creating hex file...
"..\..\workingbtntrcv.axf" - 0 Errors, 7 Warning(s).
"C:\Program Files (x86)\Flash Magic\FlashMagic.exe" "..\..\workingbtntrcv.HEX" 12000 LPC2148 COM1: 9600 1
Build target 'Target 1'
compiling main.c...
main.c(38): warning:  #1295-D: Deprecated declaration reset - give arg types
main.c(139): warning:  #940-D: missing return statement at end of non-void function "GsmSendMsg"
main.c(244): warning:  #167-D: argument of type "char *" is incompatible with parameter of type "unsigned char *"
main.c(308): warning:  #167-D: argument of type "unsigned char *" is incompatible with parameter of type "const char *"
main.c(309): warning:  #167-D: argument of type "unsigned char *" is incompatible with parameter of type "const char *"
main.c(313): warning:  #1-D: last line of file ends without a newline
linking...
Program Size: Code=6688 RO-data=60 RW-data=136 ZI-data=1840  
FromELF: creating hex file...
"..\..\workingbtntrcv.axf" - 0 Errors, 6 Warning(s).
"C:\Program Files (x86)\Flash Magic\FlashMagic.exe" "..\..\workingbtntrcv.HEX" 12000 LPC2148 COM1: 9600 1
Build target 'Target 1'
compiling main.c...
main.c(38): warning:  #1295-D: Deprecated declaration reset - give arg types
main.c(139): warning:  #940-D: missing return statement at end of non-void function "GsmSendMsg"
main.c(244): warning:  #167-D: argument of type "char *" is incompatible with parameter of type "unsigned char *"
main.c(308): warning:  #167-D: argument of type "unsigned char *" is incompatible with parameter of type "const char *"
main.c(309): warning:  #167-D: argument of type "unsigned char *" is incompatible with parameter of type "const char *"
main.c(313): warning:  #1-D: last line of file ends without a newline
linking...
Program Size: Code=6688 RO-data=60 RW-data=136 ZI-data=1840  
FromELF: creating hex file...
"..\..\workingbtntrcv.axf" - 0 Errors, 6 Warning(s).
"C:\Program Files (x86)\Flash Magic\FlashMagic.exe" "..\..\workingbtntrcv.HEX" 12000 LPC2148 COM1: 9600 1
"C:\Program Files (x86)\Flash Magic\FlashMagic.exe" "..\..\workingbtntrcv.HEX" 12000 LPC2148 COM1: 9600 1
Build target 'Target 1'
compiling main.c...
main.c(38): warning:  #1295-D: Deprecated declaration reset - give arg types
main.c(139): warning:  #940-D: missing return statement at end of non-void function "GsmSendMsg"
main.c(244): warning:  #167-D: argument of type "char *" is incompatible with parameter of type "unsigned char *"
main.c(308): warning:  #167-D: argument of type "unsigned char *" is incompatible with parameter of type "const char *"
main.c(309): warning:  #167-D: argument of type "unsigned char *" is incompatible with parameter of type "const char *"
main.c(313): warning:  #1-D: last line of file ends without a newline
linking...
Program Size: Code=6688 RO-data=60 RW-data=136 ZI-data=1840  
FromELF: creating hex file...
"..\..\workingbtntrcv.axf" - 0 Errors, 6 Warning(s).
"C:\Program Files (x86)\Flash Magic\FlashMagic.exe" "..\..\workingbtntrcv.HEX" 12000 LPC2148 COM1: 9600 1
Build target 'Target 1'
compiling main.c...
main.c(38): warning:  #1295-D: Deprecated declaration reset - give arg types
main.c(139): warning:  #940-D: missing return statement at end of non-void function "GsmSendMsg"
main.c(244): warning:  #167-D: argument of type "char *" is incompatible with parameter of type "unsigned char *"
main.c(308): warning:  #167-D: argument of type "unsigned char *" is incompatible with parameter of type "const char *"
main.c(309): warning:  #167-D: argument of type "unsigned char *" is incompatible with parameter of type "const char *"
main.c(313): warning:  #1-D: last line of file ends without a newline
linking...
Program Size: Code=6688 RO-data=60 RW-data=136 ZI-data=1840  
FromELF: creating hex file...
"..\..\workingbtntrcv.axf" - 0 Errors, 6 Warning(s).
"C:\Program Files (x86)\Flash Magic\FlashMagic.exe" "..\..\workingbtntrcv.HEX" 12000 LPC2148 COM1: 9600 1
Build target 'Target 1'
compiling main.c...
main.c(38): warning:  #1295-D: Deprecated declaration reset - give arg types
main.c(139): warning:  #940-D: missing return statement at end of non-void function "GsmSendMsg"
main.c(244): warning:  #167-D: argument of type "char *" is incompatible with parameter of type "unsigned char *"
main.c(308): warning:  #167-D: argument of type "unsigned char *" is incompatible with parameter of type "const char *"
main.c(309): warning:  #167-D: argument of type "unsigned char *" is incompatible with parameter of type "const char *"
main.c(313): warning:  #1-D: last line of file ends without a newline
linking...
Program Size: Code=6688 RO-data=60 RW-data=136 ZI-data=1840  
FromELF: creating hex file...
"..\..\workingbtntrcv.axf" - 0 Errors, 6 Warning(s).
"C:\Program Files (x86)\Flash Magic\FlashMagic.exe" "..\..\workingbtntrcv.HEX" 12000 LPC2148 COM1: 9600 1
